// Vitest Snapshot v1, https://vitest.dev/guide/snapshot.html

exports[`seeded-noise snapshots > createNoise(42).noise1d snapshot 1`] = `
[
  0.202208,
  0.049394,
  -0.103419,
  0.418408,
  -0.500153,
  0.624494,
]
`;

exports[`seeded-noise snapshots > getSeededWobble(30, 42) snapshot 1`] = `
{
  "rotate": 0.0545,
  "x": 0.0104,
  "y": 0.0104,
}
`;
